  Determining projects to restore...
  All projects are up-to-date for restore.
  SpecFlowFeatureFiles: BDDTests/Features/TodoManagement.feature
  -> Using specflow.json
  SpecFlowGeneratedFiles: BDDTests/Features/TodoManagement.feature.cs
  SampleWebApp.Tests -> /Users/sergei/Projects/SDET_CS_TEST/SampleWebApp.Tests/bin/Debug/net8.0/SampleWebApp.Tests.dll
Test run for /Users/sergei/Projects/SDET_CS_TEST/SampleWebApp.Tests/bin/Debug/net8.0/SampleWebApp.Tests.dll (.NETCoreApp,Version=v8.0)
VSTest version 17.11.0 (arm64)

Starting test execution, please wait...
A total of 1 test files matched the specified pattern.
/Users/sergei/Projects/SDET_CS_TEST/SampleWebApp.Tests/bin/Debug/net8.0/SampleWebApp.Tests.dll
NUnit Adapter 4.5.0.0: Test execution started
Running all tests in /Users/sergei/Projects/SDET_CS_TEST/SampleWebApp.Tests/bin/Debug/net8.0/SampleWebApp.Tests.dll
   NUnit3TestExecutor discovered 34 of 34 NUnit test cases using Current Discovery mode, Non-Explicit run
Given the todo application is loaded
-> skipped because of previous errors
And the todo list is empty
-> skipped because of previous errors
When I add a todo with text "Buy groceries"
-> skipped because of previous errors
Then the todo "Buy groceries" should be displayed in the list
-> skipped because of previous errors
And the remaining tasks count should be 1
-> skipped because of previous errors
-> duration: Scenario: Add a new todo item: 0.9s
Scenario failed: Executable doesn't exist at /Users/sergei/Library/Caches/ms-playwright/chromium-1105/chrome-mac/Chromium.app/Contents/MacOS/Chromium
╔════════════════════════════════════════════════════════════╗
║ Looks like Playwright was just installed or updated.       ║
║ Please run the following command to download new browsers: ║
║                                                            ║
║     pwsh bin/Debug/netX/playwright.ps1 install             ║
║                                                            ║
║ <3 Playwright Team                                         ║
╚════════════════════════════════════════════════════════════╝

Given the todo application is loaded
-> skipped because of previous errors
And the todo list is empty
-> skipped because of previous errors
When I add a todo with text ""
-> skipped because of previous errors
Then the todo count should be 0
-> skipped because of previous errors
-> duration: Scenario: Add todo validation: 185.8ms
Scenario failed: Executable doesn't exist at /Users/sergei/Library/Caches/ms-playwright/chromium-1105/chrome-mac/Chromium.app/Contents/MacOS/Chromium
╔════════════════════════════════════════════════════════════╗
║ Looks like Playwright was just installed or updated.       ║
║ Please run the following command to download new browsers: ║
║                                                            ║
║     pwsh bin/Debug/netX/playwright.ps1 install             ║
║                                                            ║
║ <3 Playwright Team                                         ║
╚════════════════════════════════════════════════════════════╝

  Failed AddANewTodoItem [923 ms]
  Error Message:
   Microsoft.Playwright.PlaywrightException : Executable doesn't exist at /Users/sergei/Library/Caches/ms-playwright/chromium-1105/chrome-mac/Chromium.app/Contents/MacOS/Chromium
╔════════════════════════════════════════════════════════════╗
║ Looks like Playwright was just installed or updated.       ║
║ Please run the following command to download new browsers: ║
║                                                            ║
║     pwsh bin/Debug/netX/playwright.ps1 install             ║
║                                                            ║
║ <3 Playwright Team                                         ║
╚════════════════════════════════════════════════════════════╝
  Stack Trace:
     at TechTalk.SpecFlow.Infrastructure.TestExecutionEngine.FireEvents(HookType hookType)
   at TechTalk.SpecFlow.Infrastructure.TestExecutionEngine.FireScenarioEvents(HookType bindingEvent)
   at TechTalk.SpecFlow.Infrastructure.TestExecutionEngine.OnScenarioStart()
   at TechTalk.SpecFlow.Infrastructure.TestExecutionEngine.OnAfterLastStep()
   at TechTalk.SpecFlow.TestRunner.CollectScenarioErrors()
   at SampleWebApp.Tests.BDDTests.Features.TodoManagementFeature.ScenarioCleanup()
   at SampleWebApp.Tests.BDDTests.Features.TodoManagementFeature.AddANewTodoItem() in /Users/sergei/Projects/SDET_CS_TEST/SampleWebApp.Tests/BDDTests/Features/TodoManagement.feature:line 14
   at System.RuntimeMethodHandle.InvokeMethod(Object target, Void** arguments, Signature sig, Boolean isConstructor)
   at System.Reflection.MethodBaseInvoker.InvokeWithNoArgs(Object obj, BindingFlags invokeAttr)

  Standard Output Messages:
 Given the todo application is loaded
 -> skipped because of previous errors
 And the todo list is empty
 -> skipped because of previous errors
 When I add a todo with text "Buy groceries"
 -> skipped because of previous errors
 Then the todo "Buy groceries" should be displayed in the list
 -> skipped because of previous errors
 And the remaining tasks count should be 1
 -> skipped because of previous errors
 -> duration: Scenario: Add a new todo item: 0.9s
 Scenario failed: Executable doesn't exist at /Users/sergei/Library/Caches/ms-playwright/chromium-1105/chrome-mac/Chromium.app/Contents/MacOS/Chromium
 ╔════════════════════════════════════════════════════════════╗
 ║ Looks like Playwright was just installed or updated.       ║
 ║ Please run the following command to download new browsers: ║
 ║                                                            ║
 ║     pwsh bin/Debug/netX/playwright.ps1 install             ║
 ║                                                            ║
 ║ <3 Playwright Team                                         ║
 ╚════════════════════════════════════════════════════════════╝


  Failed AddTodoValidation("","0",null) [189 ms]
  Error Message:
   Microsoft.Playwright.PlaywrightException : Executable doesn't exist at /Users/sergei/Library/Caches/ms-playwright/chromium-1105/chrome-mac/Chromium.app/Contents/MacOS/Chromium
╔════════════════════════════════════════════════════════════╗
║ Looks like Playwright was just installed or updated.       ║
║ Please run the following command to download new browsers: ║
║                                                            ║
║     pwsh bin/Debug/netX/playwright.ps1 install             ║
║                                                            ║
║ <3 Playwright Team                                         ║
╚════════════════════════════════════════════════════════════╝
  Stack Trace:
     at TechTalk.SpecFlow.Infrastructure.TestExecutionEngine.FireEvents(HookType hookType)
   at TechTalk.SpecFlow.Infrastructure.TestExecutionEngine.FireScenarioEvents(HookType bindingEvent)
   at TechTalk.SpecFlow.Infrastructure.TestExecutionEngine.OnScenarioStart()
   at TechTalk.SpecFlow.Infrastructure.TestExecutionEngine.OnAfterLastStep()
   at TechTalk.SpecFlow.TestRunner.CollectScenarioErrors()
   at SampleWebApp.Tests.BDDTests.Features.TodoManagementFeature.ScenarioCleanup()
   at SampleWebApp.Tests.BDDTests.Features.TodoManagementFeature.AddTodoValidation(String todoText, String expectedCount, String[] exampleTags) in /Users/sergei/Projects/SDET_CS_TEST/SampleWebApp.Tests/BDDTests/Features/TodoManagement.feature:line 65
   at System.RuntimeMethodHandle.InvokeMethod(Object target, Void** arguments, Signature sig, Boolean isConstructor)
   at System.Reflection.MethodBaseInvoker.InvokeDirectByRefWithFewArgs(Object obj, Span`1 copyOfArgs, BindingFlags invokeAttr)

  Standard Output Messages:
 Given the todo application is loaded
 -> skipped because of previous errors
 And the todo list is empty
 -> skipped because of previous errors
 When I add a todo with text ""
 -> skipped because of previous errors
 Then the todo count should be 0
 -> skipped because of previous errors
 -> duration: Scenario: Add todo validation: 185.8ms
 Scenario failed: Executable doesn't exist at /Users/sergei/Library/Caches/ms-playwright/chromium-1105/chrome-mac/Chromium.app/Contents/MacOS/Chromium
 ╔════════════════════════════════════════════════════════════╗
 ║ Looks like Playwright was just installed or updated.       ║
 ║ Please run the following command to download new browsers: ║
 ║                                                            ║
 ║     pwsh bin/Debug/netX/playwright.ps1 install             ║
 ║                                                            ║
 ║ <3 Playwright Team                                         ║
 ╚════════════════════════════════════════════════════════════╝


Given the todo application is loaded
-> skipped because of previous errors
And the todo list is empty
-> skipped because of previous errors
When I add a todo with text ""
-> skipped because of previous errors
Then the todo count should be 0
-> skipped because of previous errors
-> duration: Scenario: Add todo validation: 201.5ms
Scenario failed: Executable doesn't exist at /Users/sergei/Library/Caches/ms-playwright/chromium-1105/chrome-mac/Chromium.app/Contents/MacOS/Chromium
╔════════════════════════════════════════════════════════════╗
║ Looks like Playwright was just installed or updated.       ║
║ Please run the following command to download new browsers: ║
║                                                            ║
║     pwsh bin/Debug/netX/playwright.ps1 install             ║
║                                                            ║
║ <3 Playwright Team                                         ║
╚════════════════════════════════════════════════════════════╝

Given the todo application is loaded
-> skipped because of previous errors
And the todo list is empty
-> skipped because of previous errors
When I add a todo with text "Valid"
-> skipped because of previous errors
Then the todo count should be 1
-> skipped because of previous errors
-> duration: Scenario: Add todo validation: 207.5ms
Scenario failed: Executable doesn't exist at /Users/sergei/Library/Caches/ms-playwright/chromium-1105/chrome-mac/Chromium.app/Contents/MacOS/Chromium
╔════════════════════════════════════════════════════════════╗
║ Looks like Playwright was just installed or updated.       ║
║ Please run the following command to download new browsers: ║
║                                                            ║
║     pwsh bin/Debug/netX/playwright.ps1 install             ║
║                                                            ║
║ <3 Playwright Team                                         ║
╚════════════════════════════════════════════════════════════╝

Given the todo application is loaded
-> skipped because of previous errors
And the todo list is empty
-> skipped because of previous errors
Given I have added the following todos:
  --- table step argument ---
  | Text             | Completed |
  | Active task      | false     |
  | Completed task 1 | true      |
  | Completed task 2 | true      |
-> skipped because of previous errors
When I clear completed todos
-> skipped because of previous errors
Then I should see 1 todos in the list
-> skipped because of previous errors
And all displayed todos should be active
-> skipped because of previous errors
-> duration: Scenario: Clear completed todos: 193.9ms
Scenario failed: Executable doesn't exist at /Users/sergei/Library/Caches/ms-playwright/chromium-1105/chrome-mac/Chromium.app/Contents/MacOS/Chromium
╔════════════════════════════════════════════════════════════╗
║ Looks like Playwright was just installed or updated.       ║
║ Please run the following command to download new browsers: ║
║                                                            ║
║     pwsh bin/Debug/netX/playwright.ps1 install             ║
║                                                            ║
║ <3 Playwright Team                                         ║
╚════════════════════════════════════════════════════════════╝

Given the todo application is loaded
-> skipped because of previous errors
And the todo list is empty
-> skipped because of previous errors
Given I have added a todo "Complete project report"
-> skipped because of previous errors
When I mark the todo "Complete project report" as completed
-> skipped because of previous errors
Then the todo "Complete project report" should be marked as completed
-> skipped because of previous errors
And the remaining tasks count should be 0
-> skipped because of previous errors
-> duration: Scenario: Complete a todo item: 191.3ms
Scenario failed: Executable doesn't exist at /Users/sergei/Library/Caches/ms-playwright/chromium-1105/chrome-mac/Chromium.app/Contents/MacOS/Chromium
╔════════════════════════════════════════════════════════════╗
║ Looks like Playwright was just installed or updated.       ║
║ Please run the following command to download new browsers: ║
║                                                            ║
║     pwsh bin/Debug/netX/playwright.ps1 install             ║
║                                                            ║
║ <3 Playwright Team                                         ║
╚════════════════════════════════════════════════════════════╝

Given the todo application is loaded
-> skipped because of previous errors
And the todo list is empty
-> skipped because of previous errors
Given I have added a todo "Task to delete"
-> skipped because of previous errors
When I delete the todo "Task to delete"
-> skipped because of previous errors
Then the todo "Task to delete" should not be in the list
-> skipped because of previous errors
-> duration: Scenario: Delete a todo item: 199.6ms
Scenario failed: Executable doesn't exist at /Users/sergei/Library/Caches/ms-playwright/chromium-1105/chrome-mac/Chromium.app/Contents/MacOS/Chromium
╔════════════════════════════════════════════════════════════╗
║ Looks like Playwright was just installed or updated.       ║
║ Please run the following command to download new browsers: ║
║                                                            ║
║     pwsh bin/Debug/netX/playwright.ps1 install             ║
║                                                            ║
║ <3 Playwright Team                                         ║
╚════════════════════════════════════════════════════════════╝

Given the todo application is loaded
-> skipped because of previous errors
And the todo list is empty
-> skipped because of previous errors
Given I have added the following todos:
  --- table step argument ---
  | Text           | Completed |
  | Active task 1  | false     |
  | Completed task | true      |
  | Active task 2  | false     |
-> skipped because of previous errors
When I filter by "Active"
-> skipped because of previous errors
Then I should see 2 todos in the list
-> skipped because of previous errors
And all displayed todos should be active
-> skipped because of previous errors
-> duration: Scenario: Filter active todos: 189.2ms
Scenario failed: Executable doesn't exist at /Users/sergei/Library/Caches/ms-playwright/chromium-1105/chrome-mac/Chromium.app/Contents/MacOS/Chromium
╔════════════════════════════════════════════════════════════╗
║ Looks like Playwright was just installed or updated.       ║
║ Please run the following command to download new browsers: ║
║                                                            ║
║     pwsh bin/Debug/netX/playwright.ps1 install             ║
║                                                            ║
║ <3 Playwright Team                                         ║
╚════════════════════════════════════════════════════════════╝

Given the todo application is loaded
-> skipped because of previous errors
And the todo list is empty
-> skipped because of previous errors
Given I have added the following todos:
  --- table step argument ---
  | Text             | Completed |
  | Active task      | false     |
  | Completed task 1 | true      |
  | Completed task 2 | true      |
-> skipped because of previous errors
When I filter by "Completed"
-> skipped because of previous errors
Then I should see 2 todos in the list
-> skipped because of previous errors
And all displayed todos should be completed
-> skipped because of previous errors
-> duration: Scenario: Filter completed todos: 187.6ms
Scenario failed: Executable doesn't exist at /Users/sergei/Library/Caches/ms-playwright/chromium-1105/chrome-mac/Chromium.app/Contents/MacOS/Chromium
╔════════════════════════════════════════════════════════════╗
║ Looks like Playwright was just installed or updated.       ║
║ Please run the following command to download new browsers: ║
║                                                            ║
║     pwsh bin/Debug/netX/playwright.ps1 install             ║
║                                                            ║
║ <3 Playwright Team                                         ║
╚════════════════════════════════════════════════════════════╝

  Failed AddTodoValidation("","0",null) [204 ms]
  Error Message:
   Microsoft.Playwright.PlaywrightException : Executable doesn't exist at /Users/sergei/Library/Caches/ms-playwright/chromium-1105/chrome-mac/Chromium.app/Contents/MacOS/Chromium
╔════════════════════════════════════════════════════════════╗
║ Looks like Playwright was just installed or updated.       ║
║ Please run the following command to download new browsers: ║
║                                                            ║
║     pwsh bin/Debug/netX/playwright.ps1 install             ║
║                                                            ║
║ <3 Playwright Team                                         ║
╚════════════════════════════════════════════════════════════╝
  Stack Trace:
     at TechTalk.SpecFlow.Infrastructure.TestExecutionEngine.FireEvents(HookType hookType)
   at TechTalk.SpecFlow.Infrastructure.TestExecutionEngine.FireScenarioEvents(HookType bindingEvent)
   at TechTalk.SpecFlow.Infrastructure.TestExecutionEngine.OnScenarioStart()
   at TechTalk.SpecFlow.Infrastructure.TestExecutionEngine.OnAfterLastStep()
   at TechTalk.SpecFlow.TestRunner.CollectScenarioErrors()
   at SampleWebApp.Tests.BDDTests.Features.TodoManagementFeature.ScenarioCleanup()
   at SampleWebApp.Tests.BDDTests.Features.TodoManagementFeature.AddTodoValidation(String todoText, String expectedCount, String[] exampleTags) in /Users/sergei/Projects/SDET_CS_TEST/SampleWebApp.Tests/BDDTests/Features/TodoManagement.feature:line 65
   at InvokeStub_TodoManagementFeature.AddTodoValidation(Object, Span`1)
   at System.Reflection.MethodBaseInvoker.InvokeWithFewArgs(Object obj, BindingFlags invokeAttr, Binder binder, Object[] parameters, CultureInfo culture)

  Standard Output Messages:
 Given the todo application is loaded
 -> skipped because of previous errors
 And the todo list is empty
 -> skipped because of previous errors
 When I add a todo with text ""
 -> skipped because of previous errors
 Then the todo count should be 0
 -> skipped because of previous errors
 -> duration: Scenario: Add todo validation: 201.5ms
 Scenario failed: Executable doesn't exist at /Users/sergei/Library/Caches/ms-playwright/chromium-1105/chrome-mac/Chromium.app/Contents/MacOS/Chromium
 ╔════════════════════════════════════════════════════════════╗
 ║ Looks like Playwright was just installed or updated.       ║
 ║ Please run the following command to download new browsers: ║
 ║                                                            ║
 ║     pwsh bin/Debug/netX/playwright.ps1 install             ║
 ║                                                            ║
 ║ <3 Playwright Team                                         ║
 ╚════════════════════════════════════════════════════════════╝


  Failed AddTodoValidation("Valid","1",null) [210 ms]
  Error Message:
   Microsoft.Playwright.PlaywrightException : Executable doesn't exist at /Users/sergei/Library/Caches/ms-playwright/chromium-1105/chrome-mac/Chromium.app/Contents/MacOS/Chromium
╔════════════════════════════════════════════════════════════╗
║ Looks like Playwright was just installed or updated.       ║
║ Please run the following command to download new browsers: ║
║                                                            ║
║     pwsh bin/Debug/netX/playwright.ps1 install             ║
║                                                            ║
║ <3 Playwright Team                                         ║
╚════════════════════════════════════════════════════════════╝
  Stack Trace:
     at TechTalk.SpecFlow.Infrastructure.TestExecutionEngine.FireEvents(HookType hookType)
   at TechTalk.SpecFlow.Infrastructure.TestExecutionEngine.FireScenarioEvents(HookType bindingEvent)
   at TechTalk.SpecFlow.Infrastructure.TestExecutionEngine.OnScenarioStart()
   at TechTalk.SpecFlow.Infrastructure.TestExecutionEngine.OnAfterLastStep()
   at TechTalk.SpecFlow.TestRunner.CollectScenarioErrors()
   at SampleWebApp.Tests.BDDTests.Features.TodoManagementFeature.ScenarioCleanup()
   at SampleWebApp.Tests.BDDTests.Features.TodoManagementFeature.AddTodoValidation(String todoText, String expectedCount, String[] exampleTags) in /Users/sergei/Projects/SDET_CS_TEST/SampleWebApp.Tests/BDDTests/Features/TodoManagement.feature:line 65
   at InvokeStub_TodoManagementFeature.AddTodoValidation(Object, Span`1)
   at System.Reflection.MethodBaseInvoker.InvokeWithFewArgs(Object obj, BindingFlags invokeAttr, Binder binder, Object[] parameters, CultureInfo culture)

  Standard Output Messages:
 Given the todo application is loaded
 -> skipped because of previous errors
 And the todo list is empty
 -> skipped because of previous errors
 When I add a todo with text "Valid"
 -> skipped because of previous errors
 Then the todo count should be 1
 -> skipped because of previous errors
 -> duration: Scenario: Add todo validation: 207.5ms
 Scenario failed: Executable doesn't exist at /Users/sergei/Library/Caches/ms-playwright/chromium-1105/chrome-mac/Chromium.app/Contents/MacOS/Chromium
 ╔════════════════════════════════════════════════════════════╗
 ║ Looks like Playwright was just installed or updated.       ║
 ║ Please run the following command to download new browsers: ║
 ║                                                            ║
 ║     pwsh bin/Debug/netX/playwright.ps1 install             ║
 ║                                                            ║
 ║ <3 Playwright Team                                         ║
 ╚════════════════════════════════════════════════════════════╝


  Failed ClearCompletedTodos [197 ms]
  Error Message:
   Microsoft.Playwright.PlaywrightException : Executable doesn't exist at /Users/sergei/Library/Caches/ms-playwright/chromium-1105/chrome-mac/Chromium.app/Contents/MacOS/Chromium
╔════════════════════════════════════════════════════════════╗
║ Looks like Playwright was just installed or updated.       ║
║ Please run the following command to download new browsers: ║
║                                                            ║
║     pwsh bin/Debug/netX/playwright.ps1 install             ║
║                                                            ║
║ <3 Playwright Team                                         ║
╚════════════════════════════════════════════════════════════╝
  Stack Trace:
     at TechTalk.SpecFlow.Infrastructure.TestExecutionEngine.FireEvents(HookType hookType)
   at TechTalk.SpecFlow.Infrastructure.TestExecutionEngine.FireScenarioEvents(HookType bindingEvent)
   at TechTalk.SpecFlow.Infrastructure.TestExecutionEngine.OnScenarioStart()
   at TechTalk.SpecFlow.Infrastructure.TestExecutionEngine.OnAfterLastStep()
   at TechTalk.SpecFlow.TestRunner.CollectScenarioErrors()
   at SampleWebApp.Tests.BDDTests.Features.TodoManagementFeature.ScenarioCleanup()
   at SampleWebApp.Tests.BDDTests.Features.TodoManagementFeature.ClearCompletedTodos() in /Users/sergei/Projects/SDET_CS_TEST/SampleWebApp.Tests/BDDTests/Features/TodoManagement.feature:line 60
   at System.RuntimeMethodHandle.InvokeMethod(Object target, Void** arguments, Signature sig, Boolean isConstructor)
   at System.Reflection.MethodBaseInvoker.InvokeWithNoArgs(Object obj, BindingFlags invokeAttr)

  Standard Output Messages:
 Given the todo application is loaded
 -> skipped because of previous errors
 And the todo list is empty
 -> skipped because of previous errors
 Given I have added the following todos:
   --- table step argument ---
   | Text             | Completed |
   | Active task      | false     |
   | Completed task 1 | true      |
   | Completed task 2 | true      |
 -> skipped because of previous errors
 When I clear completed todos
 -> skipped because of previous errors
 Then I should see 1 todos in the list
 -> skipped because of previous errors
 And all displayed todos should be active
 -> skipped because of previous errors
 -> duration: Scenario: Clear completed todos: 193.9ms
 Scenario failed: Executable doesn't exist at /Users/sergei/Library/Caches/ms-playwright/chromium-1105/chrome-mac/Chromium.app/Contents/MacOS/Chromium
 ╔════════════════════════════════════════════════════════════╗
 ║ Looks like Playwright was just installed or updated.       ║
 ║ Please run the following command to download new browsers: ║
 ║                                                            ║
 ║     pwsh bin/Debug/netX/playwright.ps1 install             ║
 ║                                                            ║
 ║ <3 Playwright Team                                         ║
 ╚════════════════════════════════════════════════════════════╝


  Failed CompleteATodoItem [194 ms]
  Error Message:
   Microsoft.Playwright.PlaywrightException : Executable doesn't exist at /Users/sergei/Library/Caches/ms-playwright/chromium-1105/chrome-mac/Chromium.app/Contents/MacOS/Chromium
╔════════════════════════════════════════════════════════════╗
║ Looks like Playwright was just installed or updated.       ║
║ Please run the following command to download new browsers: ║
║                                                            ║
║     pwsh bin/Debug/netX/playwright.ps1 install             ║
║                                                            ║
║ <3 Playwright Team                                         ║
╚════════════════════════════════════════════════════════════╝
  Stack Trace:
     at TechTalk.SpecFlow.Infrastructure.TestExecutionEngine.FireEvents(HookType hookType)
   at TechTalk.SpecFlow.Infrastructure.TestExecutionEngine.FireScenarioEvents(HookType bindingEvent)
   at TechTalk.SpecFlow.Infrastructure.TestExecutionEngine.OnScenarioStart()
   at TechTalk.SpecFlow.Infrastructure.TestExecutionEngine.OnAfterLastStep()
   at TechTalk.SpecFlow.TestRunner.CollectScenarioErrors()
   at SampleWebApp.Tests.BDDTests.Features.TodoManagementFeature.ScenarioCleanup()
   at SampleWebApp.Tests.BDDTests.Features.TodoManagementFeature.CompleteATodoItem() in /Users/sergei/Projects/SDET_CS_TEST/SampleWebApp.Tests/BDDTests/Features/TodoManagement.feature:line 21
   at System.RuntimeMethodHandle.InvokeMethod(Object target, Void** arguments, Signature sig, Boolean isConstructor)
   at System.Reflection.MethodBaseInvoker.InvokeWithNoArgs(Object obj, BindingFlags invokeAttr)

  Standard Output Messages:
 Given the todo application is loaded
 -> skipped because of previous errors
 And the todo list is empty
 -> skipped because of previous errors
 Given I have added a todo "Complete project report"
 -> skipped because of previous errors
 When I mark the todo "Complete project report" as completed
 -> skipped because of previous errors
 Then the todo "Complete project report" should be marked as completed
 -> skipped because of previous errors
 And the remaining tasks count should be 0
 -> skipped because of previous errors
 -> duration: Scenario: Complete a todo item: 191.3ms
 Scenario failed: Executable doesn't exist at /Users/sergei/Library/Caches/ms-playwright/chromium-1105/chrome-mac/Chromium.app/Contents/MacOS/Chromium
 ╔════════════════════════════════════════════════════════════╗
 ║ Looks like Playwright was just installed or updated.       ║
 ║ Please run the following command to download new browsers: ║
 ║                                                            ║
 ║     pwsh bin/Debug/netX/playwright.ps1 install             ║
 ║                                                            ║
 ║ <3 Playwright Team                                         ║
 ╚════════════════════════════════════════════════════════════╝


  Failed DeleteATodoItem [202 ms]
  Error Message:
   Microsoft.Playwright.PlaywrightException : Executable doesn't exist at /Users/sergei/Library/Caches/ms-playwright/chromium-1105/chrome-mac/Chromium.app/Contents/MacOS/Chromium
╔════════════════════════════════════════════════════════════╗
║ Looks like Playwright was just installed or updated.       ║
║ Please run the following command to download new browsers: ║
║                                                            ║
║     pwsh bin/Debug/netX/playwright.ps1 install             ║
║                                                            ║
║ <3 Playwright Team                                         ║
╚════════════════════════════════════════════════════════════╝
  Stack Trace:
     at TechTalk.SpecFlow.Infrastructure.TestExecutionEngine.FireEvents(HookType hookType)
   at TechTalk.SpecFlow.Infrastructure.TestExecutionEngine.FireScenarioEvents(HookType bindingEvent)
   at TechTalk.SpecFlow.Infrastructure.TestExecutionEngine.OnScenarioStart()
   at TechTalk.SpecFlow.Infrastructure.TestExecutionEngine.OnAfterLastStep()
   at TechTalk.SpecFlow.TestRunner.CollectScenarioErrors()
   at SampleWebApp.Tests.BDDTests.Features.TodoManagementFeature.ScenarioCleanup()
   at SampleWebApp.Tests.BDDTests.Features.TodoManagementFeature.DeleteATodoItem() in /Users/sergei/Projects/SDET_CS_TEST/SampleWebApp.Tests/BDDTests/Features/TodoManagement.feature:line 27
   at System.RuntimeMethodHandle.InvokeMethod(Object target, Void** arguments, Signature sig, Boolean isConstructor)
   at System.Reflection.MethodBaseInvoker.InvokeWithNoArgs(Object obj, BindingFlags invokeAttr)

  Standard Output Messages:
 Given the todo application is loaded
 -> skipped because of previous errors
 And the todo list is empty
 -> skipped because of previous errors
 Given I have added a todo "Task to delete"
 -> skipped because of previous errors
 When I delete the todo "Task to delete"
 -> skipped because of previous errors
 Then the todo "Task to delete" should not be in the list
 -> skipped because of previous errors
 -> duration: Scenario: Delete a todo item: 199.6ms
 Scenario failed: Executable doesn't exist at /Users/sergei/Library/Caches/ms-playwright/chromium-1105/chrome-mac/Chromium.app/Contents/MacOS/Chromium
 ╔════════════════════════════════════════════════════════════╗
 ║ Looks like Playwright was just installed or updated.       ║
 ║ Please run the following command to download new browsers: ║
 ║                                                            ║
 ║     pwsh bin/Debug/netX/playwright.ps1 install             ║
 ║                                                            ║
 ║ <3 Playwright Team                                         ║
 ╚════════════════════════════════════════════════════════════╝


  Failed FilterActiveTodos [192 ms]
  Error Message:
   Microsoft.Playwright.PlaywrightException : Executable doesn't exist at /Users/sergei/Library/Caches/ms-playwright/chromium-1105/chrome-mac/Chromium.app/Contents/MacOS/Chromium
╔════════════════════════════════════════════════════════════╗
║ Looks like Playwright was just installed or updated.       ║
║ Please run the following command to download new browsers: ║
║                                                            ║
║     pwsh bin/Debug/netX/playwright.ps1 install             ║
║                                                            ║
║ <3 Playwright Team                                         ║
╚════════════════════════════════════════════════════════════╝
  Stack Trace:
     at TechTalk.SpecFlow.Infrastructure.TestExecutionEngine.FireEvents(HookType hookType)
   at TechTalk.SpecFlow.Infrastructure.TestExecutionEngine.FireScenarioEvents(HookType bindingEvent)
   at TechTalk.SpecFlow.Infrastructure.TestExecutionEngine.OnScenarioStart()
   at TechTalk.SpecFlow.Infrastructure.TestExecutionEngine.OnAfterLastStep()
   at TechTalk.SpecFlow.TestRunner.CollectScenarioErrors()
   at SampleWebApp.Tests.BDDTests.Features.TodoManagementFeature.ScenarioCleanup()
   at SampleWebApp.Tests.BDDTests.Features.TodoManagementFeature.FilterActiveTodos() in /Users/sergei/Projects/SDET_CS_TEST/SampleWebApp.Tests/BDDTests/Features/TodoManagement.feature:line 38
   at System.RuntimeMethodHandle.InvokeMethod(Object target, Void** arguments, Signature sig, Boolean isConstructor)
   at System.Reflection.MethodBaseInvoker.InvokeWithNoArgs(Object obj, BindingFlags invokeAttr)

  Standard Output Messages:
 Given the todo application is loaded
 -> skipped because of previous errors
 And the todo list is empty
 -> skipped because of previous errors
 Given I have added the following todos:
   --- table step argument ---
   | Text           | Completed |
   | Active task 1  | false     |
   | Completed task | true      |
   | Active task 2  | false     |
 -> skipped because of previous errors
 When I filter by "Active"
 -> skipped because of previous errors
 Then I should see 2 todos in the list
 -> skipped because of previous errors
 And all displayed todos should be active
 -> skipped because of previous errors
 -> duration: Scenario: Filter active todos: 189.2ms
 Scenario failed: Executable doesn't exist at /Users/sergei/Library/Caches/ms-playwright/chromium-1105/chrome-mac/Chromium.app/Contents/MacOS/Chromium
 ╔════════════════════════════════════════════════════════════╗
 ║ Looks like Playwright was just installed or updated.       ║
 ║ Please run the following command to download new browsers: ║
 ║                                                            ║
 ║     pwsh bin/Debug/netX/playwright.ps1 install             ║
 ║                                                            ║
 ║ <3 Playwright Team                                         ║
 ╚════════════════════════════════════════════════════════════╝


  Failed FilterCompletedTodos [191 ms]
  Error Message:
   Microsoft.Playwright.PlaywrightException : Executable doesn't exist at /Users/sergei/Library/Caches/ms-playwright/chromium-1105/chrome-mac/Chromium.app/Contents/MacOS/Chromium
╔════════════════════════════════════════════════════════════╗
║ Looks like Playwright was just installed or updated.       ║
║ Please run the following command to download new browsers: ║
║                                                            ║
║     pwsh bin/Debug/netX/playwright.ps1 install             ║
║                                                            ║
║ <3 Playwright Team                                         ║
╚════════════════════════════════════════════════════════════╝
  Stack Trace:
     at TechTalk.SpecFlow.Infrastructure.TestExecutionEngine.FireEvents(HookType hookType)
   at TechTalk.SpecFlow.Infrastructure.TestExecutionEngine.FireScenarioEvents(HookType bindingEvent)
   at TechTalk.SpecFlow.Infrastructure.TestExecutionEngine.OnScenarioStart()
   at TechTalk.SpecFlow.Infrastructure.TestExecutionEngine.OnAfterLastStep()
   at TechTalk.SpecFlow.TestRunner.CollectScenarioErrors()
   at SampleWebApp.Tests.BDDTests.Features.TodoManagementFeature.ScenarioCleanup()
   at SampleWebApp.Tests.BDDTests.Features.TodoManagementFeature.FilterCompletedTodos() in /Users/sergei/Projects/SDET_CS_TEST/SampleWebApp.Tests/BDDTests/Features/TodoManagement.feature:line 49
   at System.RuntimeMethodHandle.InvokeMethod(Object target, Void** arguments, Signature sig, Boolean isConstructor)
   at System.Reflection.MethodBaseInvoker.InvokeWithNoArgs(Object obj, BindingFlags invokeAttr)

  Standard Output Messages:
 Given the todo application is loaded
 -> skipped because of previous errors
 And the todo list is empty
 -> skipped because of previous errors
 Given I have added the following todos:
   --- table step argument ---
   | Text             | Completed |
   | Active task      | false     |
   | Completed task 1 | true      |
   | Completed task 2 | true      |
 -> skipped because of previous errors
 When I filter by "Completed"
 -> skipped because of previous errors
 Then I should see 2 todos in the list
 -> skipped because of previous errors
 And all displayed todos should be completed
 -> skipped because of previous errors
 -> duration: Scenario: Filter completed todos: 187.6ms
 Scenario failed: Executable doesn't exist at /Users/sergei/Library/Caches/ms-playwright/chromium-1105/chrome-mac/Chromium.app/Contents/MacOS/Chromium
 ╔════════════════════════════════════════════════════════════╗
 ║ Looks like Playwright was just installed or updated.       ║
 ║ Please run the following command to download new browsers: ║
 ║                                                            ║
 ║     pwsh bin/Debug/netX/playwright.ps1 install             ║
 ║                                                            ║
 ║ <3 Playwright Team                                         ║
 ╚════════════════════════════════════════════════════════════╝


  Failed AddTodo_PressingEnter_ShouldAddTodo [221 ms]
  Error Message:
   Microsoft.Playwright.PlaywrightException : Executable doesn't exist at /Users/sergei/Library/Caches/ms-playwright/chromium-1105/chrome-mac/Chromium.app/Contents/MacOS/Chromium
╔════════════════════════════════════════════════════════════╗
║ Looks like Playwright was just installed or updated.       ║
║ Please run the following command to download new browsers: ║
║                                                            ║
║     pwsh bin/Debug/netX/playwright.ps1 install             ║
║                                                            ║
║ <3 Playwright Team                                         ║
╚════════════════════════════════════════════════════════════╝
  Stack Trace:
     at Microsoft.Playwright.Transport.Connection.InnerSendMessageToServerAsync[T](ChannelOwner object, String method, Dictionary`2 dictionary, Boolean keepNulls) in /_/src/Playwright/Transport/Connection.cs:line 206
   at Microsoft.Playwright.Transport.Connection.WrapApiCallAsync[T](Func`1 action, Boolean isInternal) in /_/src/Playwright/Transport/Connection.cs:line 526
   at Microsoft.Playwright.Core.BrowserType.LaunchAsync(BrowserTypeLaunchOptions options) in /_/src/Playwright/Core/BrowserType.cs:line 56
   at Microsoft.Playwright.NUnit.BrowserService.CreateBrowser(IBrowserType browserType) in /_/src/Playwright.NUnit/BrowserService.cs:line 55
   at Microsoft.Playwright.NUnit.BrowserService.<>c__DisplayClass5_0.<<Register>b__0>d.MoveNext() in /_/src/Playwright.NUnit/BrowserService.cs:line 45
--- End of stack trace from previous location ---
   at Microsoft.Playwright.NUnit.WorkerAwareTest.RegisterService[T](String name, Func`1 factory) in /_/src/Playwright.NUnit/WorkerAwareTest.cs:line 55
   at Microsoft.Playwright.NUnit.BrowserTest.BrowserSetup() in /_/src/Playwright.NUnit/BrowserTest.cs:line 46
   at NUnit.Framework.Internal.TaskAwaitAdapter.GenericAdapter`1.BlockUntilCompleted()
   at NUnit.Framework.Internal.MessagePumpStrategy.NoMessagePumpStrategy.WaitForCompletion(AwaitAdapter awaiter)
   at NUnit.Framework.Internal.AsyncToSyncAdapter.Await[TResult](Func`1 invoke)
   at NUnit.Framework.Internal.AsyncToSyncAdapter.Await(Func`1 invoke)
   at NUnit.Framework.Internal.Commands.SetUpTearDownItem.RunSetUpOrTearDownMethod(TestExecutionContext context, IMethodInfo method)
   at NUnit.Framework.Internal.Commands.SetUpTearDownItem.RunSetUp(TestExecutionContext context)
   at NUnit.Framework.Internal.Commands.BeforeAndAfterTestCommand.<>c__DisplayClass1_0.<Execute>b__0()
   at NUnit.Framework.Internal.Commands.DelegatingTestCommand.RunTestMethodInThreadAbortSafeZone(TestExecutionContext context, Action action)

  Failed AddTodo_ShouldClearInputField [3 ms]
  Error Message:
   Microsoft.Playwright.PlaywrightException : Executable doesn't exist at /Users/sergei/Library/Caches/ms-playwright/chromium-1105/chrome-mac/Chromium.app/Contents/MacOS/Chromium
╔════════════════════════════════════════════════════════════╗
║ Looks like Playwright was just installed or updated.       ║
║ Please run the following command to download new browsers: ║
║                                                            ║
║     pwsh bin/Debug/netX/playwright.ps1 install             ║
║                                                            ║
║ <3 Playwright Team                                         ║
╚════════════════════════════════════════════════════════════╝
  Stack Trace:
     at Microsoft.Playwright.Transport.Connection.InnerSendMessageToServerAsync[T](ChannelOwner object, String method, Dictionary`2 dictionary, Boolean keepNulls) in /_/src/Playwright/Transport/Connection.cs:line 206
   at Microsoft.Playwright.Transport.Connection.WrapApiCallAsync[T](Func`1 action, Boolean isInternal) in /_/src/Playwright/Transport/Connection.cs:line 526
   at Microsoft.Playwright.Core.BrowserType.LaunchAsync(BrowserTypeLaunchOptions options) in /_/src/Playwright/Core/BrowserType.cs:line 56
   at Microsoft.Playwright.NUnit.BrowserService.CreateBrowser(IBrowserType browserType) in /_/src/Playwright.NUnit/BrowserService.cs:line 55
   at Microsoft.Playwright.NUnit.BrowserService.<>c__DisplayClass5_0.<<Register>b__0>d.MoveNext() in /_/src/Playwright.NUnit/BrowserService.cs:line 45
--- End of stack trace from previous location ---
   at Microsoft.Playwright.NUnit.WorkerAwareTest.RegisterService[T](String name, Func`1 factory) in /_/src/Playwright.NUnit/WorkerAwareTest.cs:line 55
   at Microsoft.Playwright.NUnit.BrowserTest.BrowserSetup() in /_/src/Playwright.NUnit/BrowserTest.cs:line 46
   at NUnit.Framework.Internal.TaskAwaitAdapter.GenericAdapter`1.BlockUntilCompleted()
   at NUnit.Framework.Internal.MessagePumpStrategy.NoMessagePumpStrategy.WaitForCompletion(AwaitAdapter awaiter)
   at NUnit.Framework.Internal.AsyncToSyncAdapter.Await[TResult](Func`1 invoke)
   at NUnit.Framework.Internal.AsyncToSyncAdapter.Await(Func`1 invoke)
   at NUnit.Framework.Internal.Commands.SetUpTearDownItem.RunSetUpOrTearDownMethod(TestExecutionContext context, IMethodInfo method)
   at NUnit.Framework.Internal.Commands.SetUpTearDownItem.RunSetUp(TestExecutionContext context)
   at NUnit.Framework.Internal.Commands.BeforeAndAfterTestCommand.<>c__DisplayClass1_0.<Execute>b__0()
   at NUnit.Framework.Internal.Commands.DelegatingTestCommand.RunTestMethodInThreadAbortSafeZone(TestExecutionContext context, Action action)

  Failed AddTodo_WithEmptyText_ShouldNotAddTodo [6 ms]
  Error Message:
   Microsoft.Playwright.PlaywrightException : Executable doesn't exist at /Users/sergei/Library/Caches/ms-playwright/chromium-1105/chrome-mac/Chromium.app/Contents/MacOS/Chromium
╔════════════════════════════════════════════════════════════╗
║ Looks like Playwright was just installed or updated.       ║
║ Please run the following command to download new browsers: ║
║                                                            ║
║     pwsh bin/Debug/netX/playwright.ps1 install             ║
║                                                            ║
║ <3 Playwright Team                                         ║
╚════════════════════════════════════════════════════════════╝
  Stack Trace:
     at Microsoft.Playwright.Transport.Connection.InnerSendMessageToServerAsync[T](ChannelOwner object, String method, Dictionary`2 dictionary, Boolean keepNulls) in /_/src/Playwright/Transport/Connection.cs:line 206
   at Microsoft.Playwright.Transport.Connection.WrapApiCallAsync[T](Func`1 action, Boolean isInternal) in /_/src/Playwright/Transport/Connection.cs:line 526
   at Microsoft.Playwright.Core.BrowserType.LaunchAsync(BrowserTypeLaunchOptions options) in /_/src/Playwright/Core/BrowserType.cs:line 56
   at Microsoft.Playwright.NUnit.BrowserService.CreateBrowser(IBrowserType browserType) in /_/src/Playwright.NUnit/BrowserService.cs:line 55
   at Microsoft.Playwright.NUnit.BrowserService.<>c__DisplayClass5_0.<<Register>b__0>d.MoveNext() in /_/src/Playwright.NUnit/BrowserService.cs:line 45
--- End of stack trace from previous location ---
   at Microsoft.Playwright.NUnit.WorkerAwareTest.RegisterService[T](String name, Func`1 factory) in /_/src/Playwright.NUnit/WorkerAwareTest.cs:line 55
   at Microsoft.Playwright.NUnit.BrowserTest.BrowserSetup() in /_/src/Playwright.NUnit/BrowserTest.cs:line 46
   at NUnit.Framework.Internal.TaskAwaitAdapter.GenericAdapter`1.BlockUntilCompleted()
   at NUnit.Framework.Internal.MessagePumpStrategy.NoMessagePumpStrategy.WaitForCompletion(AwaitAdapter awaiter)
   at NUnit.Framework.Internal.AsyncToSyncAdapter.Await[TResult](Func`1 invoke)
   at NUnit.Framework.Internal.AsyncToSyncAdapter.Await(Func`1 invoke)
   at NUnit.Framework.Internal.Commands.SetUpTearDownItem.RunSetUpOrTearDownMethod(TestExecutionContext context, IMethodInfo method)
   at NUnit.Framework.Internal.Commands.SetUpTearDownItem.RunSetUp(TestExecutionContext context)
   at NUnit.Framework.Internal.Commands.BeforeAndAfterTestCommand.<>c__DisplayClass1_0.<Execute>b__0()
   at NUnit.Framework.Internal.Commands.DelegatingTestCommand.RunTestMethodInThreadAbortSafeZone(TestExecutionContext context, Action action)

  Failed AddTodo_WithValidText_ShouldDisplayInList [2 ms]
  Error Message:
   Microsoft.Playwright.PlaywrightException : Executable doesn't exist at /Users/sergei/Library/Caches/ms-playwright/chromium-1105/chrome-mac/Chromium.app/Contents/MacOS/Chromium
╔════════════════════════════════════════════════════════════╗
║ Looks like Playwright was just installed or updated.       ║
║ Please run the following command to download new browsers: ║
║                                                            ║
║     pwsh bin/Debug/netX/playwright.ps1 install             ║
║                                                            ║
║ <3 Playwright Team                                         ║
╚════════════════════════════════════════════════════════════╝
  Stack Trace:
     at Microsoft.Playwright.Transport.Connection.InnerSendMessageToServerAsync[T](ChannelOwner object, String method, Dictionary`2 dictionary, Boolean keepNulls) in /_/src/Playwright/Transport/Connection.cs:line 206
   at Microsoft.Playwright.Transport.Connection.WrapApiCallAsync[T](Func`1 action, Boolean isInternal) in /_/src/Playwright/Transport/Connection.cs:line 526
   at Microsoft.Playwright.Core.BrowserType.LaunchAsync(BrowserTypeLaunchOptions options) in /_/src/Playwright/Core/BrowserType.cs:line 56
   at Microsoft.Playwright.NUnit.BrowserService.CreateBrowser(IBrowserType browserType) in /_/src/Playwright.NUnit/BrowserService.cs:line 55
   at Microsoft.Playwright.NUnit.BrowserService.<>c__DisplayClass5_0.<<Register>b__0>d.MoveNext() in /_/src/Playwright.NUnit/BrowserService.cs:line 45
--- End of stack trace from previous location ---
   at Microsoft.Playwright.NUnit.WorkerAwareTest.RegisterService[T](String name, Func`1 factory) in /_/src/Playwright.NUnit/WorkerAwareTest.cs:line 55
   at Microsoft.Playwright.NUnit.BrowserTest.BrowserSetup() in /_/src/Playwright.NUnit/BrowserTest.cs:line 46
   at NUnit.Framework.Internal.TaskAwaitAdapter.GenericAdapter`1.BlockUntilCompleted()
   at NUnit.Framework.Internal.MessagePumpStrategy.NoMessagePumpStrategy.WaitForCompletion(AwaitAdapter awaiter)
   at NUnit.Framework.Internal.AsyncToSyncAdapter.Await[TResult](Func`1 invoke)
   at NUnit.Framework.Internal.AsyncToSyncAdapter.Await(Func`1 invoke)
   at NUnit.Framework.Internal.Commands.SetUpTearDownItem.RunSetUpOrTearDownMethod(TestExecutionContext context, IMethodInfo method)
   at NUnit.Framework.Internal.Commands.SetUpTearDownItem.RunSetUp(TestExecutionContext context)
   at NUnit.Framework.Internal.Commands.BeforeAndAfterTestCommand.<>c__DisplayClass1_0.<Execute>b__0()
   at NUnit.Framework.Internal.Commands.DelegatingTestCommand.RunTestMethodInThreadAbortSafeZone(TestExecutionContext context, Action action)

  Failed ClearCompleted_ShouldRemoveCompletedTodos [2 ms]
  Error Message:
   Microsoft.Playwright.PlaywrightException : Executable doesn't exist at /Users/sergei/Library/Caches/ms-playwright/chromium-1105/chrome-mac/Chromium.app/Contents/MacOS/Chromium
╔════════════════════════════════════════════════════════════╗
║ Looks like Playwright was just installed or updated.       ║
║ Please run the following command to download new browsers: ║
║                                                            ║
║     pwsh bin/Debug/netX/playwright.ps1 install             ║
║                                                            ║
║ <3 Playwright Team                                         ║
╚════════════════════════════════════════════════════════════╝
  Stack Trace:
     at Microsoft.Playwright.Transport.Connection.InnerSendMessageToServerAsync[T](ChannelOwner object, String method, Dictionary`2 dictionary, Boolean keepNulls) in /_/src/Playwright/Transport/Connection.cs:line 206
   at Microsoft.Playwright.Transport.Connection.WrapApiCallAsync[T](Func`1 action, Boolean isInternal) in /_/src/Playwright/Transport/Connection.cs:line 526
   at Microsoft.Playwright.Core.BrowserType.LaunchAsync(BrowserTypeLaunchOptions options) in /_/src/Playwright/Core/BrowserType.cs:line 56
   at Microsoft.Playwright.NUnit.BrowserService.CreateBrowser(IBrowserType browserType) in /_/src/Playwright.NUnit/BrowserService.cs:line 55
   at Microsoft.Playwright.NUnit.BrowserService.<>c__DisplayClass5_0.<<Register>b__0>d.MoveNext() in /_/src/Playwright.NUnit/BrowserService.cs:line 45
--- End of stack trace from previous location ---
   at Microsoft.Playwright.NUnit.WorkerAwareTest.RegisterService[T](String name, Func`1 factory) in /_/src/Playwright.NUnit/WorkerAwareTest.cs:line 55
   at Microsoft.Playwright.NUnit.BrowserTest.BrowserSetup() in /_/src/Playwright.NUnit/BrowserTest.cs:line 46
   at NUnit.Framework.Internal.TaskAwaitAdapter.GenericAdapter`1.BlockUntilCompleted()
   at NUnit.Framework.Internal.MessagePumpStrategy.NoMessagePumpStrategy.WaitForCompletion(AwaitAdapter awaiter)
   at NUnit.Framework.Internal.AsyncToSyncAdapter.Await[TResult](Func`1 invoke)
   at NUnit.Framework.Internal.AsyncToSyncAdapter.Await(Func`1 invoke)
   at NUnit.Framework.Internal.Commands.SetUpTearDownItem.RunSetUpOrTearDownMethod(TestExecutionContext context, IMethodInfo method)
   at NUnit.Framework.Internal.Commands.SetUpTearDownItem.RunSetUp(TestExecutionContext context)
   at NUnit.Framework.Internal.Commands.BeforeAndAfterTestCommand.<>c__DisplayClass1_0.<Execute>b__0()
   at NUnit.Framework.Internal.Commands.DelegatingTestCommand.RunTestMethodInThreadAbortSafeZone(TestExecutionContext context, Action action)

  Failed DeleteTodo_ShouldRemoveFromList [2 ms]
  Error Message:
   Microsoft.Playwright.PlaywrightException : Executable doesn't exist at /Users/sergei/Library/Caches/ms-playwright/chromium-1105/chrome-mac/Chromium.app/Contents/MacOS/Chromium
╔════════════════════════════════════════════════════════════╗
║ Looks like Playwright was just installed or updated.       ║
║ Please run the following command to download new browsers: ║
║                                                            ║
║     pwsh bin/Debug/netX/playwright.ps1 install             ║
║                                                            ║
║ <3 Playwright Team                                         ║
╚════════════════════════════════════════════════════════════╝
  Stack Trace:
     at Microsoft.Playwright.Transport.Connection.InnerSendMessageToServerAsync[T](ChannelOwner object, String method, Dictionary`2 dictionary, Boolean keepNulls) in /_/src/Playwright/Transport/Connection.cs:line 206
   at Microsoft.Playwright.Transport.Connection.WrapApiCallAsync[T](Func`1 action, Boolean isInternal) in /_/src/Playwright/Transport/Connection.cs:line 526
   at Microsoft.Playwright.Core.BrowserType.LaunchAsync(BrowserTypeLaunchOptions options) in /_/src/Playwright/Core/BrowserType.cs:line 56
   at Microsoft.Playwright.NUnit.BrowserService.CreateBrowser(IBrowserType browserType) in /_/src/Playwright.NUnit/BrowserService.cs:line 55
   at Microsoft.Playwright.NUnit.BrowserService.<>c__DisplayClass5_0.<<Register>b__0>d.MoveNext() in /_/src/Playwright.NUnit/BrowserService.cs:line 45
--- End of stack trace from previous location ---
   at Microsoft.Playwright.NUnit.WorkerAwareTest.RegisterService[T](String name, Func`1 factory) in /_/src/Playwright.NUnit/WorkerAwareTest.cs:line 55
   at Microsoft.Playwright.NUnit.BrowserTest.BrowserSetup() in /_/src/Playwright.NUnit/BrowserTest.cs:line 46
   at NUnit.Framework.Internal.TaskAwaitAdapter.GenericAdapter`1.BlockUntilCompleted()
   at NUnit.Framework.Internal.MessagePumpStrategy.NoMessagePumpStrategy.WaitForCompletion(AwaitAdapter awaiter)
   at NUnit.Framework.Internal.AsyncToSyncAdapter.Await[TResult](Func`1 invoke)
   at NUnit.Framework.Internal.AsyncToSyncAdapter.Await(Func`1 invoke)
   at NUnit.Framework.Internal.Commands.SetUpTearDownItem.RunSetUpOrTearDownMethod(TestExecutionContext context, IMethodInfo method)
   at NUnit.Framework.Internal.Commands.SetUpTearDownItem.RunSetUp(TestExecutionContext context)
   at NUnit.Framework.Internal.Commands.BeforeAndAfterTestCommand.<>c__DisplayClass1_0.<Execute>b__0()
   at NUnit.Framework.Internal.Commands.DelegatingTestCommand.RunTestMethodInThreadAbortSafeZone(TestExecutionContext context, Action action)

  Failed FilterActive_ShouldShowOnlyActiveTodos [2 ms]
  Error Message:
   Microsoft.Playwright.PlaywrightException : Executable doesn't exist at /Users/sergei/Library/Caches/ms-playwright/chromium-1105/chrome-mac/Chromium.app/Contents/MacOS/Chromium
╔════════════════════════════════════════════════════════════╗
║ Looks like Playwright was just installed or updated.       ║
║ Please run the following command to download new browsers: ║
║                                                            ║
║     pwsh bin/Debug/netX/playwright.ps1 install             ║
║                                                            ║
║ <3 Playwright Team                                         ║
╚════════════════════════════════════════════════════════════╝
  Stack Trace:
     at Microsoft.Playwright.Transport.Connection.InnerSendMessageToServerAsync[T](ChannelOwner object, String method, Dictionary`2 dictionary, Boolean keepNulls) in /_/src/Playwright/Transport/Connection.cs:line 206
   at Microsoft.Playwright.Transport.Connection.WrapApiCallAsync[T](Func`1 action, Boolean isInternal) in /_/src/Playwright/Transport/Connection.cs:line 526
   at Microsoft.Playwright.Core.BrowserType.LaunchAsync(BrowserTypeLaunchOptions options) in /_/src/Playwright/Core/BrowserType.cs:line 56
   at Microsoft.Playwright.NUnit.BrowserService.CreateBrowser(IBrowserType browserType) in /_/src/Playwright.NUnit/BrowserService.cs:line 55
   at Microsoft.Playwright.NUnit.BrowserService.<>c__DisplayClass5_0.<<Register>b__0>d.MoveNext() in /_/src/Playwright.NUnit/BrowserService.cs:line 45
--- End of stack trace from previous location ---
   at Microsoft.Playwright.NUnit.WorkerAwareTest.RegisterService[T](String name, Func`1 factory) in /_/src/Playwright.NUnit/WorkerAwareTest.cs:line 55
   at Microsoft.Playwright.NUnit.BrowserTest.BrowserSetup() in /_/src/Playwright.NUnit/BrowserTest.cs:line 46
   at NUnit.Framework.Internal.TaskAwaitAdapter.GenericAdapter`1.BlockUntilCompleted()
   at NUnit.Framework.Internal.MessagePumpStrategy.NoMessagePumpStrategy.WaitForCompletion(AwaitAdapter awaiter)
   at NUnit.Framework.Internal.AsyncToSyncAdapter.Await[TResult](Func`1 invoke)
   at NUnit.Framework.Internal.AsyncToSyncAdapter.Await(Func`1 invoke)
   at NUnit.Framework.Internal.Commands.SetUpTearDownItem.RunSetUpOrTearDownMethod(TestExecutionContext context, IMethodInfo method)
   at NUnit.Framework.Internal.Commands.SetUpTearDownItem.RunSetUp(TestExecutionContext context)
   at NUnit.Framework.Internal.Commands.BeforeAndAfterTestCommand.<>c__DisplayClass1_0.<Execute>b__0()
   at NUnit.Framework.Internal.Commands.DelegatingTestCommand.RunTestMethodInThreadAbortSafeZone(TestExecutionContext context, Action action)

  Failed FilterCompleted_ShouldShowOnlyCompletedTodos [2 ms]
  Error Message:
   Microsoft.Playwright.PlaywrightException : Executable doesn't exist at /Users/sergei/Library/Caches/ms-playwright/chromium-1105/chrome-mac/Chromium.app/Contents/MacOS/Chromium
╔════════════════════════════════════════════════════════════╗
║ Looks like Playwright was just installed or updated.       ║
║ Please run the following command to download new browsers: ║
║                                                            ║
║     pwsh bin/Debug/netX/playwright.ps1 install             ║
║                                                            ║
║ <3 Playwright Team                                         ║
╚════════════════════════════════════════════════════════════╝
  Stack Trace:
     at Microsoft.Playwright.Transport.Connection.InnerSendMessageToServerAsync[T](ChannelOwner object, String method, Dictionary`2 dictionary, Boolean keepNulls) in /_/src/Playwright/Transport/Connection.cs:line 206
   at Microsoft.Playwright.Transport.Connection.WrapApiCallAsync[T](Func`1 action, Boolean isInternal) in /_/src/Playwright/Transport/Connection.cs:line 526
   at Microsoft.Playwright.Core.BrowserType.LaunchAsync(BrowserTypeLaunchOptions options) in /_/src/Playwright/Core/BrowserType.cs:line 56
   at Microsoft.Playwright.NUnit.BrowserService.CreateBrowser(IBrowserType browserType) in /_/src/Playwright.NUnit/BrowserService.cs:line 55
   at Microsoft.Playwright.NUnit.BrowserService.<>c__DisplayClass5_0.<<Register>b__0>d.MoveNext() in /_/src/Playwright.NUnit/BrowserService.cs:line 45
--- End of stack trace from previous location ---
   at Microsoft.Playwright.NUnit.WorkerAwareTest.RegisterService[T](String name, Func`1 factory) in /_/src/Playwright.NUnit/WorkerAwareTest.cs:line 55
   at Microsoft.Playwright.NUnit.BrowserTest.BrowserSetup() in /_/src/Playwright.NUnit/BrowserTest.cs:line 46
   at NUnit.Framework.Internal.TaskAwaitAdapter.GenericAdapter`1.BlockUntilCompleted()
   at NUnit.Framework.Internal.MessagePumpStrategy.NoMessagePumpStrategy.WaitForCompletion(AwaitAdapter awaiter)
   at NUnit.Framework.Internal.AsyncToSyncAdapter.Await[TResult](Func`1 invoke)
   at NUnit.Framework.Internal.AsyncToSyncAdapter.Await(Func`1 invoke)
   at NUnit.Framework.Internal.Commands.SetUpTearDownItem.RunSetUpOrTearDownMethod(TestExecutionContext context, IMethodInfo method)
   at NUnit.Framework.Internal.Commands.SetUpTearDownItem.RunSetUp(TestExecutionContext context)
   at NUnit.Framework.Internal.Commands.BeforeAndAfterTestCommand.<>c__DisplayClass1_0.<Execute>b__0()
   at NUnit.Framework.Internal.Commands.DelegatingTestCommand.RunTestMethodInThreadAbortSafeZone(TestExecutionContext context, Action action)

  Failed LocalStorage_ShouldPersistTodos [2 ms]
  Error Message:
   Microsoft.Playwright.PlaywrightException : Executable doesn't exist at /Users/sergei/Library/Caches/ms-playwright/chromium-1105/chrome-mac/Chromium.app/Contents/MacOS/Chromium
╔════════════════════════════════════════════════════════════╗
║ Looks like Playwright was just installed or updated.       ║
║ Please run the following command to download new browsers: ║
║                                                            ║
║     pwsh bin/Debug/netX/playwright.ps1 install             ║
║                                                            ║
║ <3 Playwright Team                                         ║
╚════════════════════════════════════════════════════════════╝
  Stack Trace:
     at Microsoft.Playwright.Transport.Connection.InnerSendMessageToServerAsync[T](ChannelOwner object, String method, Dictionary`2 dictionary, Boolean keepNulls) in /_/src/Playwright/Transport/Connection.cs:line 206
   at Microsoft.Playwright.Transport.Connection.WrapApiCallAsync[T](Func`1 action, Boolean isInternal) in /_/src/Playwright/Transport/Connection.cs:line 526
   at Microsoft.Playwright.Core.BrowserType.LaunchAsync(BrowserTypeLaunchOptions options) in /_/src/Playwright/Core/BrowserType.cs:line 56
   at Microsoft.Playwright.NUnit.BrowserService.CreateBrowser(IBrowserType browserType) in /_/src/Playwright.NUnit/BrowserService.cs:line 55
   at Microsoft.Playwright.NUnit.BrowserService.<>c__DisplayClass5_0.<<Register>b__0>d.MoveNext() in /_/src/Playwright.NUnit/BrowserService.cs:line 45
--- End of stack trace from previous location ---
   at Microsoft.Playwright.NUnit.WorkerAwareTest.RegisterService[T](String name, Func`1 factory) in /_/src/Playwright.NUnit/WorkerAwareTest.cs:line 55
   at Microsoft.Playwright.NUnit.BrowserTest.BrowserSetup() in /_/src/Playwright.NUnit/BrowserTest.cs:line 46
   at NUnit.Framework.Internal.TaskAwaitAdapter.GenericAdapter`1.BlockUntilCompleted()
   at NUnit.Framework.Internal.MessagePumpStrategy.NoMessagePumpStrategy.WaitForCompletion(AwaitAdapter awaiter)
   at NUnit.Framework.Internal.AsyncToSyncAdapter.Await[TResult](Func`1 invoke)
   at NUnit.Framework.Internal.AsyncToSyncAdapter.Await(Func`1 invoke)
   at NUnit.Framework.Internal.Commands.SetUpTearDownItem.RunSetUpOrTearDownMethod(TestExecutionContext context, IMethodInfo method)
   at NUnit.Framework.Internal.Commands.SetUpTearDownItem.RunSetUp(TestExecutionContext context)
   at NUnit.Framework.Internal.Commands.BeforeAndAfterTestCommand.<>c__DisplayClass1_0.<Execute>b__0()
   at NUnit.Framework.Internal.Commands.DelegatingTestCommand.RunTestMethodInThreadAbortSafeZone(TestExecutionContext context, Action action)

  Failed PageLoad_ShouldDisplayTodoAppTitle [1 ms]
  Error Message:
   Microsoft.Playwright.PlaywrightException : Executable doesn't exist at /Users/sergei/Library/Caches/ms-playwright/chromium-1105/chrome-mac/Chromium.app/Contents/MacOS/Chromium
╔════════════════════════════════════════════════════════════╗
║ Looks like Playwright was just installed or updated.       ║
║ Please run the following command to download new browsers: ║
║                                                            ║
║     pwsh bin/Debug/netX/playwright.ps1 install             ║
║                                                            ║
║ <3 Playwright Team                                         ║
╚════════════════════════════════════════════════════════════╝
  Stack Trace:
     at Microsoft.Playwright.Transport.Connection.InnerSendMessageToServerAsync[T](ChannelOwner object, String method, Dictionary`2 dictionary, Boolean keepNulls) in /_/src/Playwright/Transport/Connection.cs:line 206
   at Microsoft.Playwright.Transport.Connection.WrapApiCallAsync[T](Func`1 action, Boolean isInternal) in /_/src/Playwright/Transport/Connection.cs:line 526
   at Microsoft.Playwright.Core.BrowserType.LaunchAsync(BrowserTypeLaunchOptions options) in /_/src/Playwright/Core/BrowserType.cs:line 56
   at Microsoft.Playwright.NUnit.BrowserService.CreateBrowser(IBrowserType browserType) in /_/src/Playwright.NUnit/BrowserService.cs:line 55
   at Microsoft.Playwright.NUnit.BrowserService.<>c__DisplayClass5_0.<<Register>b__0>d.MoveNext() in /_/src/Playwright.NUnit/BrowserService.cs:line 45
--- End of stack trace from previous location ---
   at Microsoft.Playwright.NUnit.WorkerAwareTest.RegisterService[T](String name, Func`1 factory) in /_/src/Playwright.NUnit/WorkerAwareTest.cs:line 55
   at Microsoft.Playwright.NUnit.BrowserTest.BrowserSetup() in /_/src/Playwright.NUnit/BrowserTest.cs:line 46
   at NUnit.Framework.Internal.TaskAwaitAdapter.GenericAdapter`1.BlockUntilCompleted()
   at NUnit.Framework.Internal.MessagePumpStrategy.NoMessagePumpStrategy.WaitForCompletion(AwaitAdapter awaiter)
   at NUnit.Framework.Internal.AsyncToSyncAdapter.Await[TResult](Func`1 invoke)
   at NUnit.Framework.Internal.AsyncToSyncAdapter.Await(Func`1 invoke)
   at NUnit.Framework.Internal.Commands.SetUpTearDownItem.RunSetUpOrTearDownMethod(TestExecutionContext context, IMethodInfo method)
   at NUnit.Framework.Internal.Commands.SetUpTearDownItem.RunSetUp(TestExecutionContext context)
   at NUnit.Framework.Internal.Commands.BeforeAndAfterTestCommand.<>c__DisplayClass1_0.<Execute>b__0()
   at NUnit.Framework.Internal.Commands.DelegatingTestCommand.RunTestMethodInThreadAbortSafeZone(TestExecutionContext context, Action action)

  Failed TodoCounter_AfterCompleting_ShouldDecrease [2 ms]
  Error Message:
   Microsoft.Playwright.PlaywrightException : Executable doesn't exist at /Users/sergei/Library/Caches/ms-playwright/chromium-1105/chrome-mac/Chromium.app/Contents/MacOS/Chromium
╔════════════════════════════════════════════════════════════╗
║ Looks like Playwright was just installed or updated.       ║
║ Please run the following command to download new browsers: ║
║                                                            ║
║     pwsh bin/Debug/netX/playwright.ps1 install             ║
║                                                            ║
║ <3 Playwright Team                                         ║
╚════════════════════════════════════════════════════════════╝
  Stack Trace:
     at Microsoft.Playwright.Transport.Connection.InnerSendMessageToServerAsync[T](ChannelOwner object, String method, Dictionary`2 dictionary, Boolean keepNulls) in /_/src/Playwright/Transport/Connection.cs:line 206
   at Microsoft.Playwright.Transport.Connection.WrapApiCallAsync[T](Func`1 action, Boolean isInternal) in /_/src/Playwright/Transport/Connection.cs:line 526
   at Microsoft.Playwright.Core.BrowserType.LaunchAsync(BrowserTypeLaunchOptions options) in /_/src/Playwright/Core/BrowserType.cs:line 56
   at Microsoft.Playwright.NUnit.BrowserService.CreateBrowser(IBrowserType browserType) in /_/src/Playwright.NUnit/BrowserService.cs:line 55
   at Microsoft.Playwright.NUnit.BrowserService.<>c__DisplayClass5_0.<<Register>b__0>d.MoveNext() in /_/src/Playwright.NUnit/BrowserService.cs:line 45
--- End of stack trace from previous location ---
   at Microsoft.Playwright.NUnit.WorkerAwareTest.RegisterService[T](String name, Func`1 factory) in /_/src/Playwright.NUnit/WorkerAwareTest.cs:line 55
   at Microsoft.Playwright.NUnit.BrowserTest.BrowserSetup() in /_/src/Playwright.NUnit/BrowserTest.cs:line 46
   at NUnit.Framework.Internal.TaskAwaitAdapter.GenericAdapter`1.BlockUntilCompleted()
   at NUnit.Framework.Internal.MessagePumpStrategy.NoMessagePumpStrategy.WaitForCompletion(AwaitAdapter awaiter)
   at NUnit.Framework.Internal.AsyncToSyncAdapter.Await[TResult](Func`1 invoke)
   at NUnit.Framework.Internal.AsyncToSyncAdapter.Await(Func`1 invoke)
   at NUnit.Framework.Internal.Commands.SetUpTearDownItem.RunSetUpOrTearDownMethod(TestExecutionContext context, IMethodInfo method)
   at NUnit.Framework.Internal.Commands.SetUpTearDownItem.RunSetUp(TestExecutionContext context)
   at NUnit.Framework.Internal.Commands.BeforeAndAfterTestCommand.<>c__DisplayClass1_0.<Execute>b__0()
   at NUnit.Framework.Internal.Commands.DelegatingTestCommand.RunTestMethodInThreadAbortSafeZone(TestExecutionContext context, Action action)

  Failed TodoCounter_ShouldDisplayCorrectCount [2 ms]
  Error Message:
   Microsoft.Playwright.PlaywrightException : Executable doesn't exist at /Users/sergei/Library/Caches/ms-playwright/chromium-1105/chrome-mac/Chromium.app/Contents/MacOS/Chromium
╔════════════════════════════════════════════════════════════╗
║ Looks like Playwright was just installed or updated.       ║
║ Please run the following command to download new browsers: ║
║                                                            ║
║     pwsh bin/Debug/netX/playwright.ps1 install             ║
║                                                            ║
║ <3 Playwright Team                                         ║
╚════════════════════════════════════════════════════════════╝
  Stack Trace:
     at Microsoft.Playwright.Transport.Connection.InnerSendMessageToServerAsync[T](ChannelOwner object, String method, Dictionary`2 dictionary, Boolean keepNulls) in /_/src/Playwright/Transport/Connection.cs:line 206
   at Microsoft.Playwright.Transport.Connection.WrapApiCallAsync[T](Func`1 action, Boolean isInternal) in /_/src/Playwright/Transport/Connection.cs:line 526
   at Microsoft.Playwright.Core.BrowserType.LaunchAsync(BrowserTypeLaunchOptions options) in /_/src/Playwright/Core/BrowserType.cs:line 56
   at Microsoft.Playwright.NUnit.BrowserService.CreateBrowser(IBrowserType browserType) in /_/src/Playwright.NUnit/BrowserService.cs:line 55
   at Microsoft.Playwright.NUnit.BrowserService.<>c__DisplayClass5_0.<<Register>b__0>d.MoveNext() in /_/src/Playwright.NUnit/BrowserService.cs:line 45
--- End of stack trace from previous location ---
   at Microsoft.Playwright.NUnit.WorkerAwareTest.RegisterService[T](String name, Func`1 factory) in /_/src/Playwright.NUnit/WorkerAwareTest.cs:line 55
   at Microsoft.Playwright.NUnit.BrowserTest.BrowserSetup() in /_/src/Playwright.NUnit/BrowserTest.cs:line 46
   at NUnit.Framework.Internal.TaskAwaitAdapter.GenericAdapter`1.BlockUntilCompleted()
   at NUnit.Framework.Internal.MessagePumpStrategy.NoMessagePumpStrategy.WaitForCompletion(AwaitAdapter awaiter)
   at NUnit.Framework.Internal.AsyncToSyncAdapter.Await[TResult](Func`1 invoke)
   at NUnit.Framework.Internal.AsyncToSyncAdapter.Await(Func`1 invoke)
   at NUnit.Framework.Internal.Commands.SetUpTearDownItem.RunSetUpOrTearDownMethod(TestExecutionContext context, IMethodInfo method)
   at NUnit.Framework.Internal.Commands.SetUpTearDownItem.RunSetUp(TestExecutionContext context)
   at NUnit.Framework.Internal.Commands.BeforeAndAfterTestCommand.<>c__DisplayClass1_0.<Execute>b__0()
   at NUnit.Framework.Internal.Commands.DelegatingTestCommand.RunTestMethodInThreadAbortSafeZone(TestExecutionContext context, Action action)

  Failed ToggleTodo_ShouldMarkAsCompleted [1 ms]
  Error Message:
   Microsoft.Playwright.PlaywrightException : Executable doesn't exist at /Users/sergei/Library/Caches/ms-playwright/chromium-1105/chrome-mac/Chromium.app/Contents/MacOS/Chromium
╔════════════════════════════════════════════════════════════╗
║ Looks like Playwright was just installed or updated.       ║
║ Please run the following command to download new browsers: ║
║                                                            ║
║     pwsh bin/Debug/netX/playwright.ps1 install             ║
║                                                            ║
║ <3 Playwright Team                                         ║
╚════════════════════════════════════════════════════════════╝
  Stack Trace:
     at Microsoft.Playwright.Transport.Connection.InnerSendMessageToServerAsync[T](ChannelOwner object, String method, Dictionary`2 dictionary, Boolean keepNulls) in /_/src/Playwright/Transport/Connection.cs:line 206
   at Microsoft.Playwright.Transport.Connection.WrapApiCallAsync[T](Func`1 action, Boolean isInternal) in /_/src/Playwright/Transport/Connection.cs:line 526
   at Microsoft.Playwright.Core.BrowserType.LaunchAsync(BrowserTypeLaunchOptions options) in /_/src/Playwright/Core/BrowserType.cs:line 56
   at Microsoft.Playwright.NUnit.BrowserService.CreateBrowser(IBrowserType browserType) in /_/src/Playwright.NUnit/BrowserService.cs:line 55
   at Microsoft.Playwright.NUnit.BrowserService.<>c__DisplayClass5_0.<<Register>b__0>d.MoveNext() in /_/src/Playwright.NUnit/BrowserService.cs:line 45
--- End of stack trace from previous location ---
   at Microsoft.Playwright.NUnit.WorkerAwareTest.RegisterService[T](String name, Func`1 factory) in /_/src/Playwright.NUnit/WorkerAwareTest.cs:line 55
   at Microsoft.Playwright.NUnit.BrowserTest.BrowserSetup() in /_/src/Playwright.NUnit/BrowserTest.cs:line 46
   at NUnit.Framework.Internal.TaskAwaitAdapter.GenericAdapter`1.BlockUntilCompleted()
   at NUnit.Framework.Internal.MessagePumpStrategy.NoMessagePumpStrategy.WaitForCompletion(AwaitAdapter awaiter)
   at NUnit.Framework.Internal.AsyncToSyncAdapter.Await[TResult](Func`1 invoke)
   at NUnit.Framework.Internal.AsyncToSyncAdapter.Await(Func`1 invoke)
   at NUnit.Framework.Internal.Commands.SetUpTearDownItem.RunSetUpOrTearDownMethod(TestExecutionContext context, IMethodInfo method)
   at NUnit.Framework.Internal.Commands.SetUpTearDownItem.RunSetUp(TestExecutionContext context)
   at NUnit.Framework.Internal.Commands.BeforeAndAfterTestCommand.<>c__DisplayClass1_0.<Execute>b__0()
   at NUnit.Framework.Internal.Commands.DelegatingTestCommand.RunTestMethodInThreadAbortSafeZone(TestExecutionContext context, Action action)

  Passed AddTodo_MultipleTodos_ShouldAssignUniqueIds [16 ms]
  Passed AddTodo_WithEmptyText_ShouldThrowException [7 ms]
  Passed AddTodo_WithValidText_ShouldAddTodoToList [1 ms]
  Passed AddTodo_WithWhitespaceText_ShouldThrowException [1 ms]
  Passed ClearCompleted_ShouldRemoveOnlyCompletedTodos [< 1 ms]
  Passed DeleteTodo_WithInvalidId_ShouldThrowException [< 1 ms]
  Passed DeleteTodo_WithValidId_ShouldRemoveTodo [1 ms]
NUnit Adapter 4.5.0.0: Test execution complete
  Passed GetActiveCount_ShouldReturnCorrectCount [< 1 ms]
  Passed GetActiveTodos_ShouldReturnOnlyActiveTodos [< 1 ms]
  Passed GetCompletedTodos_ShouldReturnOnlyCompletedTodos [< 1 ms]
  Passed ToggleTodo_WithInvalidId_ShouldThrowException [< 1 ms]
  Passed ToggleTodo_WithValidId_ShouldToggleCompletionStatus [< 1 ms]

Test Run Failed.
Total tests: 34
     Passed: 12
     Failed: 22
 Total time: 3.4325 Seconds
